\BOOKMARK [0][-]{chapter.1}{\376\377\000I\000n\000t\000r\000o\000d\000u\000c\000t\000i\000o\000n\000\040\000a\000n\000d\000\040\000M\000e\000t\000h\000o\000d\000o\000l\000o\000g\000y}{}% 1
\BOOKMARK [1][-]{section.1.1}{\376\377\000P\000r\000o\000j\000e\000c\000t\000\040\000C\000o\000n\000t\000e\000x\000t}{chapter.1}% 2
\BOOKMARK [1][-]{section.1.2}{\376\377\000M\000e\000t\000h\000o\000d\000o\000l\000o\000g\000y}{chapter.1}% 3
\BOOKMARK [0][-]{chapter.2}{\376\377\000B\000u\000s\000i\000n\000e\000s\000s\000\040\000U\000n\000d\000e\000r\000s\000t\000a\000n\000d\000i\000n\000g}{}% 4
\BOOKMARK [1][-]{section.2.1}{\376\377\000S\000t\000r\000a\000t\000e\000g\000i\000c\000\040\000C\000o\000n\000t\000e\000x\000t\000\040\000\046\000\040\000O\000b\000j\000e\000c\000t\000i\000v\000e\000s}{chapter.2}% 5
\BOOKMARK [2][-]{subsection.2.1.1}{\376\377\000P\000r\000o\000b\000l\000e\000m\000\040\000S\000t\000a\000t\000e\000m\000e\000n\000t\000:\000\040\000T\000h\000e\000\040\000D\000i\000a\000g\000n\000o\000s\000t\000i\000c\000\040\000G\000a\000p}{section.2.1}% 6
\BOOKMARK [2][-]{subsection.2.1.2}{\376\377\000S\000t\000a\000k\000e\000h\000o\000l\000d\000e\000r\000\040\000A\000n\000a\000l\000y\000s\000i\000s}{section.2.1}% 7
\BOOKMARK [1][-]{section.2.2}{\376\377\000B\000O\000\040\0001\000:\000\040\000C\000l\000a\000s\000s\000i\000f\000y\000\040\000T\000u\000m\000o\000r\000s\000\040\000f\000o\000r\000\040\000R\000a\000p\000i\000d\000\040\000D\000i\000a\000g\000n\000o\000s\000i\000s}{chapter.2}% 8
\BOOKMARK [2][-]{subsection.2.2.1}{\376\377\000C\000h\000a\000l\000l\000e\000n\000g\000e\000s}{section.2.2}% 9
\BOOKMARK [2][-]{subsection.2.2.2}{\376\377\000D\000S\000O\000\040\0001\000:\000\040\000B\000i\000n\000a\000r\000y\000\040\000C\000l\000a\000s\000s\000i\000f\000i\000c\000a\000t\000i\000o\000n}{section.2.2}% 10
\BOOKMARK [2][-]{subsection.2.2.3}{\376\377\000S\000u\000c\000c\000e\000s\000s\000\040\000M\000e\000t\000r\000i\000c\000s\000:\000\040\000C\000l\000i\000n\000i\000c\000a\000l\000\040\000I\000n\000t\000e\000r\000p\000r\000e\000t\000a\000t\000i\000o\000n}{section.2.2}% 11
\BOOKMARK [1][-]{section.2.3}{\376\377\000B\000O\000\040\0002\000:\000\040\000O\000p\000t\000i\000m\000i\000z\000e\000\040\000T\000r\000i\000a\000g\000e\000\040\000a\000n\000d\000\040\000R\000e\000s\000o\000u\000r\000c\000e\000\040\000A\000l\000l\000o\000c\000a\000t\000i\000o\000n}{chapter.2}% 12
\BOOKMARK [2][-]{subsection.2.3.1}{\376\377\000D\000S\000O\000\040\0002\000.\0001\000:\000\040\000P\000r\000o\000b\000a\000b\000i\000l\000i\000t\000y\000\040\000S\000c\000o\000r\000i\000n\000g\000\040\000a\000n\000d\000\040\000C\000a\000l\000i\000b\000r\000a\000t\000i\000o\000n}{section.2.3}% 13
\BOOKMARK [2][-]{subsection.2.3.2}{\376\377\000D\000S\000O\000\040\0002\000.\0002\000:\000\040\000E\000x\000p\000l\000a\000i\000n\000a\000b\000i\000l\000i\000t\000y}{section.2.3}% 14
\BOOKMARK [2][-]{subsection.2.3.3}{\376\377\000D\000S\000O\000\040\0002\000.\0003\000:\000\040\000R\000i\000s\000k\000\040\000S\000t\000r\000a\000t\000i\000f\000i\000c\000a\000t\000i\000o\000n\000\040\000L\000o\000g\000i\000c}{section.2.3}% 15
\BOOKMARK [1][-]{section.2.4}{\376\377\000B\000O\000\040\0003\000:\000\040\000P\000e\000r\000s\000o\000n\000a\000l\000i\000z\000e\000\040\000T\000r\000e\000a\000t\000m\000e\000n\000t\000\040\000S\000t\000r\000a\000t\000e\000g\000i\000e\000s}{chapter.2}% 16
\BOOKMARK [2][-]{subsection.2.4.1}{\376\377\000D\000S\000O\000\040\0003\000.\0001\000:\000\040\000M\000u\000l\000t\000i\000-\000O\000u\000t\000p\000u\000t\000\040\000A\000r\000c\000h\000i\000t\000e\000c\000t\000u\000r\000e\000\040\000\046\000\040\000G\000e\000n\000e\000r\000a\000l\000i\000z\000a\000t\000i\000o\000n}{section.2.4}% 17
\BOOKMARK [2][-]{subsection.2.4.2}{\376\377\000S\000u\000c\000c\000e\000s\000s\000\040\000M\000e\000t\000r\000i\000c\000s\000:\000\040\000P\000r\000o\000g\000n\000o\000s\000t\000i\000c\000\040\000P\000r\000e\000c\000i\000s\000i\000o\000n}{section.2.4}% 18
\BOOKMARK [0][-]{chapter.3}{\376\377\000D\000a\000t\000a\000\040\000U\000n\000d\000e\000r\000s\000t\000a\000n\000d\000i\000n\000g}{}% 19
\BOOKMARK [1][-]{section.3.1}{\376\377\000D\000a\000t\000a\000\040\000S\000o\000u\000r\000c\000e\000s}{chapter.3}% 20
\BOOKMARK [2][-]{subsection.3.1.1}{\376\377\000W\000B\000C\000D\000\040\000D\000a\000t\000a\000s\000e\000t\000\040\000\050\000D\000i\000a\000g\000n\000o\000s\000i\000s\000\051}{section.3.1}% 21
\BOOKMARK [2][-]{subsection.3.1.2}{\376\377\000M\000E\000T\000A\000B\000R\000I\000C\000\040\000D\000a\000t\000a\000s\000e\000t\000\040\000\050\000P\000r\000o\000g\000n\000o\000s\000i\000s\000\051}{section.3.1}% 22
\BOOKMARK [1][-]{section.3.2}{\376\377\000E\000x\000p\000l\000o\000r\000a\000t\000o\000r\000y\000\040\000D\000a\000t\000a\000\040\000A\000n\000a\000l\000y\000s\000i\000s\000\040\000\050\000E\000D\000A\000\051}{chapter.3}% 23
\BOOKMARK [2][-]{subsection.3.2.1}{\376\377\000W\000B\000C\000D\000\040\000E\000x\000p\000l\000o\000r\000a\000t\000o\000r\000y\000\040\000A\000n\000a\000l\000y\000s\000i\000s}{section.3.2}% 24
\BOOKMARK [2][-]{subsection.3.2.2}{\376\377\000M\000E\000T\000A\000B\000R\000I\000C\000\040\000E\000x\000p\000l\000o\000r\000a\000t\000o\000r\000y\000\040\000D\000a\000t\000a\000\040\000A\000n\000a\000l\000y\000s\000i\000s}{section.3.2}% 25
\BOOKMARK [0][-]{chapter.4}{\376\377\000D\000a\000t\000a\000\040\000P\000r\000e\000p\000r\000o\000c\000e\000s\000s\000i\000n\000g\000\040\000a\000n\000d\000\040\000C\000l\000e\000a\000n\000i\000n\000g}{}% 26
\BOOKMARK [1][-]{section.4.1}{\376\377\000W\000B\000C\000D\000\040\000D\000a\000t\000a\000\040\000P\000r\000e\000p\000r\000o\000c\000e\000s\000s\000i\000n\000g}{chapter.4}% 27
\BOOKMARK [2][-]{subsection.4.1.1}{\376\377\000E\000n\000c\000o\000d\000i\000n\000g\000\040\000T\000a\000r\000g\000e\000t\000\040\000V\000a\000r\000i\000a\000b\000l\000e}{section.4.1}% 28
\BOOKMARK [2][-]{subsection.4.1.2}{\376\377\000T\000r\000a\000i\000n\000-\000T\000e\000s\000t\000\040\000S\000p\000l\000i\000t}{section.4.1}% 29
\BOOKMARK [2][-]{subsection.4.1.3}{\376\377\000S\000t\000a\000n\000d\000a\000r\000d\000i\000z\000a\000t\000i\000o\000n}{section.4.1}% 30
\BOOKMARK [1][-]{section.4.2}{\376\377\000M\000E\000T\000A\000B\000R\000I\000C\000\040\000D\000a\000t\000a\000\040\000P\000r\000e\000p\000r\000o\000c\000e\000s\000s\000i\000n\000g}{chapter.4}% 31
\BOOKMARK [2][-]{subsection.4.2.1}{\376\377\000C\000o\000l\000u\000m\000n\000\040\000S\000e\000l\000e\000c\000t\000i\000o\000n}{section.4.2}% 32
\BOOKMARK [2][-]{subsection.4.2.2}{\376\377\000D\000a\000t\000a\000\040\000I\000m\000p\000u\000t\000a\000t\000i\000o\000n}{section.4.2}% 33
\BOOKMARK [2][-]{subsection.4.2.3}{\376\377\000O\000u\000t\000l\000i\000e\000r\000\040\000D\000e\000t\000e\000c\000t\000i\000o\000n\000\040\000a\000n\000d\000\040\000T\000r\000e\000a\000t\000m\000e\000n\000t}{section.4.2}% 34
\BOOKMARK [2][-]{subsection.4.2.4}{\376\377\000C\000a\000t\000e\000g\000o\000r\000i\000c\000a\000l\000\040\000E\000n\000c\000o\000d\000i\000n\000g}{section.4.2}% 35
\BOOKMARK [2][-]{subsection.4.2.5}{\376\377\000F\000e\000a\000t\000u\000r\000e\000\040\000E\000n\000g\000i\000n\000e\000e\000r\000i\000n\000g}{section.4.2}% 36
\BOOKMARK [2][-]{subsection.4.2.6}{\376\377\000T\000a\000r\000g\000e\000t\000\040\000V\000a\000r\000i\000a\000b\000l\000e\000\040\000C\000r\000e\000a\000t\000i\000o\000n}{section.4.2}% 37
\BOOKMARK [2][-]{subsection.4.2.7}{\376\377\000T\000r\000a\000i\000n\000-\000T\000e\000s\000t\000\040\000S\000p\000l\000i\000t}{section.4.2}% 38
\BOOKMARK [2][-]{subsection.4.2.8}{\376\377\000F\000e\000a\000t\000u\000r\000e\000\040\000S\000t\000a\000n\000d\000a\000r\000d\000i\000z\000a\000t\000i\000o\000n}{section.4.2}% 39
\BOOKMARK [0][-]{chapter.5}{\376\377\000M\000o\000d\000e\000l\000i\000n\000g}{}% 40
\BOOKMARK [1][-]{section.5.1}{\376\377\000B\000u\000s\000i\000n\000e\000s\000s\000\040\000O\000b\000j\000e\000c\000t\000i\000v\000e\000\040\0001\000:\000\040\000T\000u\000m\000o\000r\000\040\000C\000l\000a\000s\000s\000i\000f\000i\000c\000a\000t\000i\000o\000n\000\040\000\050\000D\000i\000a\000g\000n\000o\000s\000t\000i\000c\000\051}{chapter.5}% 41
\BOOKMARK [2][-]{subsection.5.1.1}{\376\377\000M\000o\000d\000e\000l\000\040\0001\000:\000\040\000H\000y\000b\000r\000i\000d\000\040\000G\000R\000U\000-\000S\000V\000M}{section.5.1}% 42
\BOOKMARK [2][-]{subsection.5.1.2}{\376\377\000M\000o\000d\000e\000l\000\040\0002\000:\000\040\000S\000o\000f\000t\000m\000a\000x\000\040\000R\000e\000g\000r\000e\000s\000s\000i\000o\000n\000\040\000\050\000L\000o\000g\000i\000s\000t\000i\000c\000\040\000R\000e\000g\000r\000e\000s\000s\000i\000o\000n\000\051}{section.5.1}% 43
\BOOKMARK [2][-]{subsection.5.1.3}{\376\377\000M\000o\000d\000e\000l\000\040\0003\000:\000\040\000S\000G\000D\000-\000S\000V\000M\000\040\000\050\000S\000t\000o\000c\000h\000a\000s\000t\000i\000c\000\040\000G\000r\000a\000d\000i\000e\000n\000t\000\040\000D\000e\000s\000c\000e\000n\000t\000\051}{section.5.1}% 44
\BOOKMARK [1][-]{section.5.2}{\376\377\000B\000u\000s\000i\000n\000e\000s\000s\000\040\000O\000b\000j\000e\000c\000t\000i\000v\000e\000\040\0002\000:\000\040\000I\000n\000t\000e\000l\000l\000i\000g\000e\000n\000t\000\040\000T\000r\000i\000a\000g\000e\000\040\000\046\000\040\000R\000e\000s\000o\000u\000r\000c\000e\000\040\000A\000l\000l\000o\000c\000a\000t\000i\000o\000n}{chapter.5}% 45
\BOOKMARK [2][-]{subsection.5.2.1}{\376\377\000S\000t\000e\000p\000\040\0001\000:\000\040\000P\000r\000o\000b\000a\000b\000i\000l\000i\000t\000y\000\040\000C\000a\000l\000i\000b\000r\000a\000t\000i\000o\000n}{section.5.2}% 46
\BOOKMARK [2][-]{subsection.5.2.2}{\376\377\000S\000t\000e\000p\000\040\0002\000:\000\040\000E\000x\000p\000l\000a\000i\000n\000a\000b\000i\000l\000i\000t\000y\000\040\000\050\000X\000A\000I\000\051}{section.5.2}% 47
\BOOKMARK [2][-]{subsection.5.2.3}{\376\377\000D\000S\000O\000\040\0002\000.\0003\000:\000\040\000R\000i\000s\000k\000\040\000S\000t\000r\000a\000t\000i\000f\000i\000c\000a\000t\000i\000o\000n\000\040\000L\000o\000g\000i\000c}{section.5.2}% 48
\BOOKMARK [1][-]{section.5.3}{\376\377\000B\000u\000s\000i\000n\000e\000s\000s\000\040\000O\000b\000j\000e\000c\000t\000i\000v\000e\000\040\0003\000:\000\040\000P\000r\000o\000g\000n\000o\000s\000i\000s\000\040\000\046\000\040\000E\000v\000o\000l\000u\000t\000i\000o\000n\000\040\000\050\000M\000E\000T\000A\000B\000R\000I\000C\000\051}{chapter.5}% 49
\BOOKMARK [2][-]{subsection.5.3.1}{\376\377\000T\000a\000r\000g\000e\000t\000\040\000V\000a\000r\000i\000a\000b\000l\000e\000s}{section.5.3}% 50
\BOOKMARK [2][-]{subsection.5.3.2}{\376\377\000M\000o\000d\000e\000l\000\040\000A\000r\000c\000h\000i\000t\000e\000c\000t\000u\000r\000e\000\040\000\046\000\040\000C\000o\000n\000f\000i\000g\000u\000r\000a\000t\000i\000o\000n}{section.5.3}% 51
\BOOKMARK [2][-]{subsection.5.3.3}{\376\377\000M\000\351\000t\000i\000e\000r\000\040\000I\000n\000t\000e\000r\000p\000r\000e\000t\000a\000b\000i\000l\000i\000t\000y\000\040\000C\000h\000o\000i\000c\000e\000s}{section.5.3}% 52
\BOOKMARK [0][-]{chapter.6}{\376\377\000E\000v\000a\000l\000u\000a\000t\000i\000o\000n}{}% 53
\BOOKMARK [1][-]{section.6.1}{\376\377\000E\000v\000a\000l\000u\000a\000t\000i\000o\000n\000\040\000M\000e\000t\000h\000o\000d\000o\000l\000o\000g\000y}{chapter.6}% 54
\BOOKMARK [1][-]{section.6.2}{\376\377\000B\000O\0001\000:\000\040\000T\000u\000m\000o\000r\000\040\000C\000l\000a\000s\000s\000i\000f\000i\000c\000a\000t\000i\000o\000n\000\040\000\050\000D\000i\000a\000g\000n\000o\000s\000i\000s\000\051}{chapter.6}% 55
\BOOKMARK [2][-]{subsection.6.2.1}{\376\377\000M\000o\000d\000e\000l\000\040\000C\000o\000m\000p\000a\000r\000i\000s\000o\000n\000\040\000T\000a\000b\000l\000e}{section.6.2}% 56
\BOOKMARK [2][-]{subsection.6.2.2}{\376\377\000C\000o\000n\000f\000u\000s\000i\000o\000n\000\040\000M\000a\000t\000r\000i\000x\000\040\000E\000v\000a\000l\000u\000a\000t\000i\000o\000n}{section.6.2}% 57
\BOOKMARK [2][-]{subsection.6.2.3}{\376\377\000R\000O\000C\000\040\000C\000u\000r\000v\000e\000\040\000E\000v\000a\000l\000u\000a\000t\000i\000o\000n}{section.6.2}% 58
\BOOKMARK [2][-]{subsection.6.2.4}{\376\377\000W\000i\000n\000n\000i\000n\000g\000\040\000M\000o\000d\000e\000l\000\040\000S\000e\000l\000e\000c\000t\000i\000o\000n}{section.6.2}% 59
\BOOKMARK [1][-]{section.6.3}{\376\377\000B\000O\0002\000:\000\040\000R\000i\000s\000k\000\040\000T\000r\000i\000a\000g\000e\000\040\000\050\000S\000t\000r\000a\000t\000i\000f\000i\000c\000a\000t\000i\000o\000n\000\051}{chapter.6}% 60
\BOOKMARK [2][-]{subsection.6.3.1}{\376\377\000C\000a\000l\000i\000b\000r\000a\000t\000i\000o\000n\000\040\000Q\000u\000a\000l\000i\000t\000y}{section.6.3}% 61
\BOOKMARK [1][-]{section.6.4}{\376\377\000P\000r\000o\000g\000n\000o\000s\000i\000s\000\040\000M\000o\000d\000e\000l\000\040\000R\000e\000s\000u\000l\000t\000s\000\040\000\050\000B\000O\0003\000\051}{chapter.6}% 62
\BOOKMARK [2][-]{subsection.6.4.1}{\376\377\000C\000o\000m\000p\000a\000r\000a\000t\000i\000v\000e\000\040\000P\000e\000r\000f\000o\000r\000m\000a\000n\000c\000e\000\040\000A\000n\000a\000l\000y\000s\000i\000s}{section.6.4}% 63
\BOOKMARK [2][-]{subsection.6.4.2}{\376\377\000W\000i\000n\000n\000i\000n\000g\000\040\000M\000o\000d\000e\000l\000\040\000S\000e\000l\000e\000c\000t\000i\000o\000n}{section.6.4}% 64
\BOOKMARK [2][-]{subsection.6.4.3}{\376\377\000D\000e\000t\000a\000i\000l\000e\000d\000\040\000P\000e\000r\000f\000o\000r\000m\000a\000n\000c\000e\000:\000\040\000G\000r\000a\000d\000i\000e\000n\000t\000\040\000B\000o\000o\000s\000t\000i\000n\000g}{section.6.4}% 65
\BOOKMARK [2][-]{subsection.6.4.4}{\376\377\000K\000e\000y\000\040\000F\000i\000n\000d\000i\000n\000g\000s}{section.6.4}% 66
\BOOKMARK [0][-]{chapter.7}{\376\377\000D\000e\000p\000l\000o\000y\000m\000e\000n\000t}{}% 67
\BOOKMARK [1][-]{section.7.1}{\376\377\000S\000y\000s\000t\000e\000m\000\040\000A\000r\000c\000h\000i\000t\000e\000c\000t\000u\000r\000e}{chapter.7}% 68
\BOOKMARK [1][-]{section.7.2}{\376\377\000B\000a\000c\000k\000e\000n\000d\000\040\000I\000m\000p\000l\000e\000m\000e\000n\000t\000a\000t\000i\000o\000n}{chapter.7}% 69
\BOOKMARK [2][-]{subsection.7.2.1}{\376\377\000T\000e\000c\000h\000n\000o\000l\000o\000g\000y\000\040\000S\000t\000a\000c\000k}{section.7.2}% 70
\BOOKMARK [2][-]{subsection.7.2.2}{\376\377\000A\000P\000I\000\040\000E\000n\000d\000p\000o\000i\000n\000t\000s}{section.7.2}% 71
\BOOKMARK [1][-]{section.7.3}{\376\377\000M\000L\000O\000p\000s\000\040\000\046\000\040\000C\000I\000/\000C\000D\000\040\000P\000i\000p\000e\000l\000i\000n\000e}{chapter.7}% 72
\BOOKMARK [2][-]{subsection.7.3.1}{\376\377\000C\000o\000n\000t\000i\000n\000u\000o\000u\000s\000\040\000I\000n\000t\000e\000g\000r\000a\000t\000i\000o\000n\000\040\000\050\000C\000I\000\051}{section.7.3}% 73
\BOOKMARK [2][-]{subsection.7.3.2}{\376\377\000M\000o\000d\000e\000l\000\040\000R\000e\000g\000i\000s\000t\000r\000y\000\040\000\046\000\040\000A\000r\000t\000i\000f\000a\000c\000t\000s}{section.7.3}% 74
\BOOKMARK [1][-]{section.7.4}{\376\377\000E\000v\000i\000d\000e\000n\000c\000e\000-\000B\000a\000s\000e\000d\000\040\000D\000e\000p\000l\000o\000y\000m\000e\000n\000t\000\040\000L\000o\000g\000i\000c}{chapter.7}% 75
\BOOKMARK [1][-]{section.7.5}{\376\377\000C\000l\000i\000n\000i\000c\000a\000l\000\040\000I\000n\000t\000e\000r\000f\000a\000c\000e\000\040\000\050\000F\000r\000o\000n\000t\000e\000n\000d\000\051}{chapter.7}% 76
\BOOKMARK [0][-]{chapter.8}{\376\377\000C\000o\000n\000c\000l\000u\000s\000i\000o\000n}{}% 77
\BOOKMARK [0][-]{appendix.A}{\376\377\000C\000o\000d\000e\000\040\000A\000p\000p\000e\000n\000d\000i\000x}{}% 78
\BOOKMARK [1][-]{section.A.1}{\376\377\000M\000E\000T\000A\000B\000R\000I\000C\000\040\000P\000r\000e\000p\000r\000o\000c\000e\000s\000s\000i\000n\000g\000\040\000C\000o\000d\000e}{appendix.A}% 79
\BOOKMARK [2][-]{subsection.A.1.1}{\376\377\000F\000e\000a\000t\000u\000r\000e\000\040\000S\000e\000l\000e\000c\000t\000i\000o\000n}{section.A.1}% 80
\BOOKMARK [2][-]{subsection.A.1.2}{\376\377\000D\000a\000t\000a\000\040\000I\000m\000p\000u\000t\000a\000t\000i\000o\000n}{section.A.1}% 81
\BOOKMARK [2][-]{subsection.A.1.3}{\376\377\000O\000u\000t\000l\000i\000e\000r\000\040\000T\000r\000e\000a\000t\000m\000e\000n\000t}{section.A.1}% 82
\BOOKMARK [2][-]{subsection.A.1.4}{\376\377\000F\000e\000a\000t\000u\000r\000e\000\040\000E\000n\000g\000i\000n\000e\000e\000r\000i\000n\000g}{section.A.1}% 83
\BOOKMARK [2][-]{subsection.A.1.5}{\376\377\000T\000a\000r\000g\000e\000t\000\040\000V\000a\000r\000i\000a\000b\000l\000e\000\040\000C\000r\000e\000a\000t\000i\000o\000n}{section.A.1}% 84
